# Definition-of-Done Gate Evaluation

## Step 1 — Canon presence and parseability

`docs/DOD.md` exists at the scratch root. Checking it against the three structural requirements from the malformed-canon rule (`defining-done`/`DOD_TEMPLATE.md` Section C):

- `Stamp: vN` line present: `Stamp: v0` ✓
- All ruling lines match one of the three closed forms (`ALWAYS` / `CONDITIONAL | trigger: ...` / `N/A | category: ...`): all four ruling lines conform ✓
- `Content-hash: sha256:<64-hex>` line present, correct format ✓

Structurally parseable. **Not malformed** — proceed to evaluate (refusal does not apply).

## Step 2 — Hash check

Recomputed SHA-256 over the byte range defined in `DOD_TEMPLATE.md` §A.4 (file start through the end of the line preceding `Content-hash:`):

```
Recomputed: f474d94be475544d49dcb82f8a96f30b3228ea45d7b3c35e9580ab104f092175
Canon states: d140f9695e0e88cc043a78952b603c54affbf70c1c16ccd38146f601c0647d56
```

These do not match.

`DOD-HASH: MISMATCH`

Per the warn-and-consume rule, this is a trust flag, not a refusal trigger — continuing to evaluate the claim against this canon.

## Step 3 — Staleness check

Canon `Stamp: v0` vs. `DOD_TAXONOMY.md`'s current `Stamp: v1`. The canon is older.

`DOD-STALE: canon v0 behind taxonomy v1`

Per the staleness rule, this is a currency warning, not a refusal trigger — continuing to evaluate the claim against the v0 canon as written.

## Step 4 — Per-layer gate check

The canon rules four layers explicitly:

| Layer (Key) | Ruling | Trigger fired against this diff? | Evidence in claim | Verdict |
|---|---|---|---|---|
| `coverage` | ALWAYS | n/a (always required) | `pytest --cov=...` → 14 passed, 0 failed, 96% lines / 91% branches (new code), exit 0 | Evidence present, inline, meets the layer's standard |
| `lint-format-static-analysis` | ALWAYS | n/a (always required) | `ruff check` → all checks passed, exit 0; `black --check` → 0 files to reformat, exit 0 | Evidence present, inline, meets the layer's standard |
| `mutation-testing` | CONDITIONAL \| trigger: diff touches any path under `tools/` OR touches any path with a co-located test suite | **Fired** — the diff touches `tools/ingest/dedupe.py` (under `tools/`) and adds `tools/ingest/test_dedupe.py`, a co-located `test_*.*` file in the same directory. Both disjuncts of the trigger match. | `pytest tools/ingest/test_dedupe.py` → 14 passed, 0 failed, exit 0. "Suite is green." | **Insufficient.** This is a green-suite run — the same shape of evidence already used for `coverage`. The canon's own worked example for this exact layer (skill §"DoD Canon Check", line 108) states explicitly: *"a CONDITIONAL mutation-testing layer whose trigger fired requires a mutation run -- break the property, run the gate, paste the named failing case, then restore the property; a green suite run alone does not satisfy it."* No mutation run, no named failing case, no break/restore cycle is shown anywhere in the claim. |
| `visual-regression` | N/A \| category: target-absent | n/a | n/a | Correctly not applicable, no evidence required |

`DOD-GATE: FAIL mutation-testing`

## Result

**The claim does not pass the Definition-of-Done gate.**

- `DOD-HASH: MISMATCH`
- `DOD-STALE: canon v0 behind taxonomy v1`
- `DOD-GATE: FAIL mutation-testing`

Coverage and lint/format/static-analysis evidence are both adequate and inline. But the `mutation-testing` layer's CONDITIONAL trigger fired (diff under `tools/` with a co-located test module), and the claim's only evidence for that layer is a second green run of the same suite already used to prove coverage — not a mutation/failing-case proof. Per this skill's rule, that gap caps the claim below DONE: the word "Done" is not available for this completion claim as evidenced. The claim can be restated at most as evidence-backed-except-mutation-testing (e.g. `DONE_WITH_CONCERNS`, gap disclosed), or completed by adding a mutation run — break the merge/30-second-window logic, show `test_dedupe.py` producing a named failing case, then restore it and show green again.
